I'm sorry, but errors were detected in your script. Please correct the
errors listed below, and try again.


File "game/script.rpy", line 396: indentation mismatch.

Ren'Py Version: Ren'Py 7.4.11.2266
Sun Dec 26 03:49:36 2021
